// Jest Snapshot v1, https://goo.gl/fbAQLP

exports[`nightingale-colored-sequence tests it should display the colored sequence correctly 1`] = `
<nightingale-colored-sequence
  display-end="-1"
  display-start="1"
  height="40"
  highlight-color="#FFEB3B66"
  length="15"
  min-height="10"
  min-width="10"
  scale="hydrophobicity-scale"
  sequence="MADYDDEFDTKASDL"
  style="display: inline-block; line-height: 0;"
  width="800"
>
  <!---->
  <svg
    class="container"
    height="40"
    id=""
    width="800"
  >
    <g
      class="background"
    />
    <g
      class="x axis"
    />
    <g
      class="sequence"
      width="800"
    >
      <rect
        class="base_bg feature"
        data-base="M"
        data-pos="1"
        fill="rgb(156, 135, 99)"
        height="40"
        width="52"
        x="10"
      />
      <rect
        class="base_bg feature"
        data-base="A"
        data-pos="2"
        fill="rgb(106, 92, 149)"
        height="40"
        width="52"
        x="62"
      />
      <rect
        class="base_bg feature"
        data-base="D"
        data-pos="3"
        fill="rgb(96, 83, 159)"
        height="40"
        width="52"
        x="114"
      />
      <rect
        class="base_bg feature"
        data-base="Y"
        data-pos="4"
        fill="rgb(113, 98, 142)"
        height="40"
        width="52"
        x="166"
      />
      <rect
        class="base_bg feature"
        data-base="D"
        data-pos="5"
        fill="rgb(96, 83, 159)"
        height="40"
        width="52"
        x="218"
      />
      <rect
        class="base_bg feature"
        data-base="D"
        data-pos="6"
        fill="rgb(96, 83, 159)"
        height="40"
        width="52"
        x="270"
      />
      <rect
        class="base_bg feature"
        data-base="E"
        data-pos="7"
        fill="rgb(120, 104, 135)"
        height="40"
        width="52"
        x="322"
      />
      <rect
        class="base_bg feature"
        data-base="F"
        data-pos="8"
        fill="rgb(164, 143, 91)"
        height="40"
        width="52"
        x="374"
      />
      <rect
        class="base_bg feature"
        data-base="D"
        data-pos="9"
        fill="rgb(96, 83, 159)"
        height="40"
        width="52"
        x="426"
      />
      <rect
        class="base_bg feature"
        data-base="T"
        data-pos="10"
        fill="rgb(120, 104, 135)"
        height="40"
        width="52"
        x="478"
      />
      <rect
        class="base_bg feature"
        data-base="K"
        data-pos="11"
        fill="rgb(0, 0, 255)"
        height="40"
        width="52"
        x="530"
      />
      <rect
        class="base_bg feature"
        data-base="A"
        data-pos="12"
        fill="rgb(106, 92, 149)"
        height="40"
        width="52"
        x="582"
      />
      <rect
        class="base_bg feature"
        data-base="S"
        data-pos="13"
        fill="rgb(106, 92, 149)"
        height="40"
        width="52"
        x="634"
      />
      <rect
        class="base_bg feature"
        data-base="D"
        data-pos="14"
        fill="rgb(96, 83, 159)"
        height="40"
        width="52"
        x="686"
      />
      <rect
        class="base_bg feature"
        data-base="L"
        data-pos="15"
        fill="rgb(171, 149, 84)"
        height="40"
        width="52"
        x="738"
      />
    </g>
    <g
      class="highlighted"
    />
    <defs>
      <lineargradient
        id="scale-gradient-xjylrx"
      >
        <stop
          offset="0.03333333333333333"
          stop-color="rgb(156, 135, 99)"
        />
        <stop
          offset="0.1"
          stop-color="rgb(106, 92, 149)"
        />
        <stop
          offset="0.16666666666666666"
          stop-color="rgb(96, 83, 159)"
        />
        <stop
          offset="0.23333333333333334"
          stop-color="rgb(113, 98, 142)"
        />
        <stop
          offset="0.3"
          stop-color="rgb(96, 83, 159)"
        />
        <stop
          offset="0.36666666666666664"
          stop-color="rgb(96, 83, 159)"
        />
        <stop
          offset="0.43333333333333335"
          stop-color="rgb(120, 104, 135)"
        />
        <stop
          offset="0.5"
          stop-color="rgb(164, 143, 91)"
        />
        <stop
          offset="0.5666666666666667"
          stop-color="rgb(96, 83, 159)"
        />
        <stop
          offset="0.6333333333333333"
          stop-color="rgb(120, 104, 135)"
        />
        <stop
          offset="0.7"
          stop-color="rgb(0, 0, 255)"
        />
        <stop
          offset="0.7666666666666667"
          stop-color="rgb(106, 92, 149)"
        />
        <stop
          offset="0.8333333333333334"
          stop-color="rgb(106, 92, 149)"
        />
        <stop
          offset="0.9"
          stop-color="rgb(96, 83, 159)"
        />
        <stop
          offset="0.9666666666666667"
          stop-color="rgb(171, 149, 84)"
        />
      </lineargradient>
    </defs>
    <rect
      class="seq-gradient"
      fill="url(#scale-gradient-xjylrx)"
      height="40"
      style="pointer-events: none; opacity: 0.15384615384615385;"
      width="780"
      x="10"
      y="0"
    />
    <g
      class="margin"
    >
      <rect
        class="margin-left"
        fill="#FFFFFFDD"
        height="40"
        style="pointer-events: none;"
        width="10"
        x="0"
        y="0"
      />
      <rect
        class="margin-right"
        fill="#FFFFFFDD"
        height="40"
        style="pointer-events: none;"
        width="10"
        x="790"
        y="0"
      />
      <rect
        class="margin-top"
        fill="#FFFFFFDD"
        height="0"
        style="pointer-events: none;"
        width="780"
        x="10"
        y="0"
      />
      <rect
        class="margin-bottom"
        fill="#FFFFFFDD"
        height="0"
        style="pointer-events: none;"
        width="780"
        x="10"
        y="40"
      />
    </g>
  </svg>
</nightingale-colored-sequence>
`;
